ASxxxx Linker V03.00 + NoICE + sdld,  page 1.
Hexadecimal  [32-Bits]

Area                                    Addr        Size        Decimal Bytes (Attributes)
--------------------------------        ----        ----        ------- ----- ------------
.  .ABS.                            00000000    00000000 =           0. bytes (ABS,CON)

      Value  Global                              Global Defined In Module
      -----  --------------------------------   ------------------------
     00000000  .__.ABS.                           
     00000000  l__CABS                         
     00000000  l__CODE_0                       
     00000000  l__DABS                         
     00000000  l__FONT_HEADER                  
     00000000  l__HEADER                       
     00000000  l__HEADER_LCD                   
     00000000  l__HEAP                         
     00000000  l__HRAM                         
     00000000  l__LIT                          
     00000000  l__SFR                          
     00000000  s__CABS                         
     00000000  s__DABS                         
     00000000  s__FONT_HEADER                  
     00000000  s__FONT_HEADER0                 
     00000000  s__HEADER                       
     00000000  s__HEADER0                      
     00000000  s__HEADER1                      
     00000000  s__HEADER10                     
     00000000  s__HEADER2                      
     00000000  s__HEADER3                      
     00000000  s__HEADER4                      
     00000000  s__HEADER5                      
     00000000  s__HEADER6                      
     00000000  s__HEADER7                      
     00000000  s__HEADER8                      
     00000000  s__HEADER9                      
     00000000  s__HEADER_LCD                   
     00000000  s__HEADER_LCD0                  
     00000000  s__HEADERa                      
     00000000  s__HEADERb                      
     00000000  s__HEADERc                      
     00000000  s__HEADERd                      
     00000000  s__HEADERe                      
     00000000  s__HEADERf                      
     00000000  s__HRAM                         
     00000000  s__HRAM11                       
     00000000  s__SFR                          
     00000000  s__SFR0                         
     00000000  s__SFR1                         
     00000000  s__SFR10                        
     00000000  s__SFR11                        
     00000000  s__SFR12                        
     00000000  s__SFR13                        
     00000000  s__SFR14                        
     00000000  s__SFR15                        
     00000000  s__SFR16                        
     00000000  s__SFR17                        
     00000000  s__SFR18                        
     00000000  s__SFR19                        
ASxxxx Linker V03.00 + NoICE + sdld,  page 2.
Hexadecimal  [32-Bits]

Area                                    Addr        Size        Decimal Bytes (Attributes)
--------------------------------        ----        ----        ------- ----- ------------
.  .ABS.                            00000000    00000000 =           0. bytes (ABS,CON)

      Value  Global                              Global Defined In Module
      -----  --------------------------------   ------------------------
     00000000  s__SFR1a                        
     00000000  s__SFR1b                        
     00000000  s__SFR1c                        
     00000000  s__SFR1d                        
     00000000  s__SFR1e                        
     00000000  s__SFR1f                        
     00000000  s__SFR2                         
     00000000  s__SFR20                        
     00000000  s__SFR21                        
     00000000  s__SFR22                        
     00000000  s__SFR23                        
     00000000  s__SFR24                        
     00000000  s__SFR25                        
     00000000  s__SFR26                        
     00000000  s__SFR27                        
     00000000  s__SFR28                        
     00000000  s__SFR29                        
     00000000  s__SFR2a                        
     00000000  s__SFR2b                        
     00000000  s__SFR2c                        
     00000000  s__SFR2d                        
     00000000  s__SFR2e                        
     00000000  s__SFR2f                        
     00000000  s__SFR3                         
     00000000  s__SFR30                        
     00000000  s__SFR31                        
     00000000  s__SFR32                        
     00000000  s__SFR33                        
     00000000  s__SFR34                        
     00000000  s__SFR35                        
     00000000  s__SFR36                        
     00000000  s__SFR4                         
     00000000  s__SFR5                         
     00000000  s__SFR6                         
     00000000  s__SFR7                         
     00000000  s__SFR8                         
     00000000  s__SFR9                         
     00000000  s__SFRa                         
     00000000  s__SFRb                         
     00000000  s__SFRc                         
     00000000  s__SFRd                         
     00000000  s__SFRe                         
     00000000  s__SFRf                         
     00000001  l__GSFINAL                      
     00000001  l__HEADER0                      
     00000001  l__HEADER10                     
     00000001  l__HEADER8                      
     00000001  l__HEADER9                      
     00000001  l__HEADERa                      
     00000001  l__HEADERc                      
     00000001  l__HEADERd                      
ASxxxx Linker V03.00 + NoICE + sdld,  page 3.
Hexadecimal  [32-Bits]

Area                                    Addr        Size        Decimal Bytes (Attributes)
--------------------------------        ----        ----        ------- ----- ------------
.  .ABS.                            00000000    00000000 =           0. bytes (ABS,CON)

      Value  Global                              Global Defined In Module
      -----  --------------------------------   ------------------------
     00000001  l__SFR0                         
     00000001  l__SFR1                         
     00000001  l__SFR10                        
     00000001  l__SFR11                        
     00000001  l__SFR12                        
     00000001  l__SFR13                        
     00000001  l__SFR14                        
     00000001  l__SFR15                        
     00000001  l__SFR16                        
     00000001  l__SFR17                        
     00000001  l__SFR18                        
     00000001  l__SFR19                        
     00000001  l__SFR1a                        
     00000001  l__SFR1b                        
     00000001  l__SFR1c                        
     00000001  l__SFR1d                        
     00000001  l__SFR1e                        
     00000001  l__SFR1f                        
     00000001  l__SFR2                         
     00000001  l__SFR20                        
     00000001  l__SFR21                        
     00000001  l__SFR22                        
     00000001  l__SFR23                        
     00000001  l__SFR24                        
     00000001  l__SFR25                        
     00000001  l__SFR26                        
     00000001  l__SFR27                        
     00000001  l__SFR28                        
     00000001  l__SFR29                        
     00000001  l__SFR2a                        
     00000001  l__SFR2b                        
     00000001  l__SFR2c                        
     00000001  l__SFR2d                        
     00000001  l__SFR2e                        
     00000001  l__SFR2f                        
     00000001  l__SFR3                         
     00000001  l__SFR30                        
     00000001  l__SFR31                        
     00000001  l__SFR32                        
     00000001  l__SFR33                        
     00000001  l__SFR34                        
     00000001  l__SFR35                        
     00000001  l__SFR36                        
     00000001  l__SFR4                         
     00000001  l__SFR5                         
     00000001  l__SFR6                         
     00000001  l__SFR7                         
     00000001  l__SFR8                         
     00000001  l__SFR9                         
     00000001  l__SFRa                         
     00000001  l__SFRb                         
ASxxxx Linker V03.00 + NoICE + sdld,  page 4.
Hexadecimal  [32-Bits]

Area                                    Addr        Size        Decimal Bytes (Attributes)
--------------------------------        ----        ----        ------- ----- ------------
.  .ABS.                            00000000    00000000 =           0. bytes (ABS,CON)

      Value  Global                              Global Defined In Module
      -----  --------------------------------   ------------------------
     00000001  l__SFRc                         
     00000001  l__SFRd                         
     00000001  l__SFRe                         
     00000001  l__SFRf                         
     00000002  l__HEADERb                      
     00000002  l__HEADERe                      
     00000002  l__HRAM11                       
     00000003  l__FONT_HEADER0                 
     00000003  l__HEADER7                      
     00000003  l__HEADER_LCD0                  
     00000005  l__HEADER1                      
     00000006  l__HEADER6                      
     00000007  l__HEADER2                      
     00000008  l__HEADER3                      
     0000002C  l__HEADER4                      
     00000033  l__HEADER5                      
     00000043  l__BSS                          
     0000006A  l__HOME                         
     0000007E  l__HEADERf                      
     00000200  s__CODE                         
     0000022C  l__CODE                         
     00000270  l__DATA                         
     0000042C  s__HOME                         
     00000496  s__BASE                         
     000009C5  l__BASE                         
     00000C44  l__GSINIT                       
     00000E5B  s__CODE_0                       
     00000E5B  s__GSINIT                       
     00000E5B  s__LIT                          
     00001A9F  s__GSFINAL                      
     0000C000  _shadow_OAM                     
     0000C0A0  s__DATA                         
     0000C310  s__BSS                          
     0000C353  s__HEAP                         
     0000E000  .STACK                          
     0000FF80  .refresh_OAM                    

ASxxxx Linker V03.00 + NoICE + sdld,  page 5.
Hexadecimal  [32-Bits]

Area                                    Addr        Size        Decimal Bytes (Attributes)
--------------------------------        ----        ----        ------- ----- ------------
_CODE                               00000200    0000022C =         556. bytes (REL,CON)

      Value  Global                              Global Defined In Module
      -----  --------------------------------   ------------------------
     00000200  A$main$1325                        main
     00000200  C$main.c$6$0_0$86                  main
     00000200  G$main$0$0                         main
     00000200  _main                              main
     00000202  A$main$1329                        main
     00000202  C$main.c$8$1_0$86                  main
     00000205  A$main$1333                        main
     00000205  C$main.c$9$1_0$86                  main
     00000208  A$main$1334                        main
     00000209  A$main$1335                        main
     0000020C  A$main$1336                        main
     0000020E  A$main$1340                        main
     0000020E  C$main.c$10$1_0$86                 main
     0000020F  A$main$1341                        main
     00000212  A$main$1342                        main
     00000214  A$main$1346                        main
     00000214  C$main.c$11$1_0$86                 main
     00000217  A$main$1347                        main
     00000218  A$main$1348                        main
     0000021B  A$main$1349                        main
     0000021C  A$main$1350                        main
     0000021F  A$main$1351                        main
     00000221  A$main$1355                        main
     00000221  C$main.c$12$1_0$86                 main
     00000224  A$main$1356                        main
     00000225  A$main$1357                        main
     00000228  A$main$1358                        main
     00000229  A$main$1359                        main
     0000022A  A$main$1360                        main
     0000022B  A$main$1361                        main
     0000022C  A$main$1362                        main
     0000022D  A$main$1363                        main
     0000022E  A$main$1364                        main
     0000022F  A$main$1365                        main
     00000232  A$main$1366                        main
     00000234  A$main$1370                        main
     00000234  C$main.c$13$1_0$86                 main
     00000237  A$main$1371                        main
     00000238  A$main$1372                        main
     0000023A  A$main$1373                        main
     0000023B  A$main$1374                        main
     0000023C  A$main$1375                        main
     0000023D  A$main$1376                        main
     0000023E  A$main$1377                        main
     0000023F  A$main$1378                        main
     00000240  A$main$1379                        main
     00000241  A$main$1380                        main
     00000242  A$main$1381                        main
     00000243  A$main$1382                        main
     00000244  A$main$1383                        main
ASxxxx Linker V03.00 + NoICE + sdld,  page 6.
Hexadecimal  [32-Bits]

Area                                    Addr        Size        Decimal Bytes (Attributes)
--------------------------------        ----        ----        ------- ----- ------------
_CODE                               00000200    0000022C =         556. bytes (REL,CON)

      Value  Global                              Global Defined In Module
      -----  --------------------------------   ------------------------
     00000245  A$main$1384                        main
     00000248  A$main$1385                        main
     0000024A  A$main$1387                        main
     0000024C  A$main$1388                        main
     0000024E  A$main$1389                        main
     00000250  A$main$1390                        main
     00000252  A$main$1394                        main
     00000252  C$main.c$15$1_0$86                 main
     00000254  A$main$1395                        main
     00000256  A$main$1396                        main
     00000258  A$main$1400                        main
     00000258  C$main.c$16$1_0$86                 main
     0000025A  A$main$1401                        main
     0000025C  A$main$1402                        main
     0000025E  A$main$1410                        main
     0000025E  C$main.c$17$1_0$86                 main
     0000025E  C$main.c$18$3_0$87                 main
     00000261  A$main$1414                        main
     00000261  C$main.c$19$2_0$87                 main
     00000264  A$main$1415                        main
     00000265  A$main$1416                        main
     00000267  A$main$1417                        main
     00000269  A$main$1422                        main
     00000269  C$main.c$22$5_0$92                 main
     0000026A  A$main$1423                        main
     0000026C  A$main$1424                        main
     0000026D  A$main$1425                        main
     0000026E  A$main$1426                        main
     0000026F  A$main$1427                        main
     00000270  A$main$1428                        main
     00000272  A$main$1429                        main
     00000274  A$main$1430                        main
     00000275  A$main$1431                        main
     00000277  A$main$1432                        main
     00000278  A$main$1433                        main
     00000279  A$main$1434                        main
     0000027B  A$main$1435                        main
     0000027C  A$main$1436                        main
     0000027E  A$main$1437                        main
     00000280  A$main$1438                        main
     00000281  A$main$1440                        main
     00000283  A$main$1441                        main
     00000284  A$main$1442                        main
     00000285  A$main$1443                        main
     00000287  A$main$1444                        main
     00000288  A$main$1445                        main
     00000289  A$main$1446                        main
     0000028A  A$main$1447                        main
     0000028B  A$main$1448                        main
     0000028D  A$main$1449                        main
     0000028E  A$main$1450                        main
ASxxxx Linker V03.00 + NoICE + sdld,  page 7.
Hexadecimal  [32-Bits]

Area                                    Addr        Size        Decimal Bytes (Attributes)
--------------------------------        ----        ----        ------- ----- ------------
_CODE                               00000200    0000022C =         556. bytes (REL,CON)

      Value  Global                              Global Defined In Module
      -----  --------------------------------   ------------------------
     00000290  A$main$1451                        main
     00000291  A$main$1452                        main
     00000294  A$main$1456                        main
     00000294  C$main.c$23$1_0$86                 main
     00000295  A$main$1457                        main
     00000297  A$main$1458                        main
     00000299  A$main$1459                        main
     0000029A  A$main$1460                        main
     0000029C  A$main$1461                        main
     0000029D  A$main$1462                        main
     0000029F  A$main$1463                        main
     000002A1  A$main$1464                        main
     000002A3  A$main$1465                        main
     000002A5  A$main$1466                        main
     000002A6  A$main$1467                        main
     000002A8  A$main$1469                        main
     000002AA  A$main$1470                        main
     000002AC  A$main$1471                        main
     000002AD  A$main$1473                        main
     000002AF  A$main$1474                        main
     000002B0  A$main$1475                        main
     000002B2  A$main$1476                        main
     000002B3  A$main$1477                        main
     000002B4  A$main$1478                        main
     000002B6  A$main$1479                        main
     000002B8  A$main$1480                        main
     000002B9  A$main$1481                        main
     000002BA  A$main$1482                        main
     000002BB  A$main$1483                        main
     000002BC  A$main$1484                        main
     000002BE  A$main$1485                        main
     000002BF  A$main$1486                        main
     000002C0  A$main$1487                        main
     000002C1  A$main$1488                        main
     000002C2  A$main$1489                        main
     000002C4  A$main$1490                        main
     000002C6  A$main$1491                        main
     000002C7  A$main$1492                        main
     000002C8  A$main$1493                        main
     000002C9  A$main$1497                        main
     000002C9  C$main.c$24$1_0$86                 main
     000002CB  A$main$1498                        main
     000002CC  A$main$1502                        main
     000002CC  C$main.c$25$1_0$86                 main
     000002CD  A$main$1503                        main
     000002CE  A$main$1504                        main
     000002CF  A$main$1505                        main
     000002D0  A$main$1506                        main
     000002D1  A$main$1507                        main
     000002D3  A$main$1508                        main
     000002D4  A$main$1509                        main
ASxxxx Linker V03.00 + NoICE + sdld,  page 8.
Hexadecimal  [32-Bits]

Area                                    Addr        Size        Decimal Bytes (Attributes)
--------------------------------        ----        ----        ------- ----- ------------
_CODE                               00000200    0000022C =         556. bytes (REL,CON)

      Value  Global                              Global Defined In Module
      -----  --------------------------------   ------------------------
     000002D5  A$main$1510                        main
     000002D6  A$main$1511                        main
     000002D8  A$main$1512                        main
     000002D9  A$main$1516                        main
     000002D9  C$main.c$23$4_0$89                 main
     000002DB  A$main$1517                        main
     000002DC  A$main$1518                        main
     000002DD  A$main$1519                        main
     000002DF  A$main$1523                        main
     000002DF  C$main.c$24$5_0$90                 main
     000002E2  A$main$1524                        main
     000002E3  A$main$1525                        main
     000002E5  A$main$1526                        main
     000002E6  A$main$1527                        main
     000002E7  A$main$1528                        main
     000002E9  A$main$1529                        main
     000002EA  A$main$1530                        main
     000002EB  A$main$1531                        main
     000002EC  A$main$1532                        main
     000002ED  A$main$1533                        main
     000002EE  A$main$1534                        main
     000002EF  A$main$1535                        main
     000002F0  A$main$1536                        main
     000002F1  A$main$1537                        main
     000002F2  A$main$1538                        main
     000002F5  A$main$1539                        main
     000002F7  A$main$1543                        main
     000002F7  C$main.c$25$5_0$90                 main
     000002F9  A$main$1544                        main
     000002FA  A$main$1545                        main
     000002FB  A$main$1546                        main
     000002FC  A$main$1547                        main
     000002FF  A$main$1552                        main
     000002FF  C$main.c$27$4_0$89                 main
     00000300  A$main$1553                        main
     00000302  A$main$1554                        main
     00000304  A$main$1555                        main
     00000305  A$main$1556                        main
     00000307  A$main$1557                        main
     00000308  A$main$1558                        main
     0000030A  A$main$1559                        main
     0000030C  A$main$1560                        main
     0000030E  A$main$1561                        main
     00000310  A$main$1562                        main
     00000311  A$main$1563                        main
     00000313  A$main$1565                        main
     00000315  A$main$1566                        main
     00000317  A$main$1567                        main
     00000318  A$main$1569                        main
     0000031A  A$main$1570                        main
     0000031B  A$main$1571                        main
ASxxxx Linker V03.00 + NoICE + sdld,  page 9.
Hexadecimal  [32-Bits]

Area                                    Addr        Size        Decimal Bytes (Attributes)
--------------------------------        ----        ----        ------- ----- ------------
_CODE                               00000200    0000022C =         556. bytes (REL,CON)

      Value  Global                              Global Defined In Module
      -----  --------------------------------   ------------------------
     0000031D  A$main$1572                        main
     0000031E  A$main$1573                        main
     0000031F  A$main$1574                        main
     00000321  A$main$1575                        main
     00000323  A$main$1576                        main
     00000324  A$main$1577                        main
     00000325  A$main$1578                        main
     00000326  A$main$1579                        main
     00000327  A$main$1580                        main
     00000329  A$main$1581                        main
     0000032A  A$main$1582                        main
     0000032B  A$main$1583                        main
     0000032C  A$main$1584                        main
     0000032D  A$main$1585                        main
     0000032F  A$main$1586                        main
     00000331  A$main$1587                        main
     00000332  A$main$1588                        main
     00000333  A$main$1589                        main
     00000334  A$main$1590                        main
     00000335  A$main$1591                        main
     00000336  A$main$1592                        main
     00000337  A$main$1593                        main
     00000338  A$main$1594                        main
     00000339  A$main$1595                        main
     0000033A  A$main$1596                        main
     0000033B  A$main$1597                        main
     0000033C  A$main$1598                        main
     0000033E  A$main$1599                        main
     0000033F  A$main$1600                        main
     00000341  A$main$1601                        main
     00000342  A$main$1602                        main
     00000344  A$main$1603                        main
     00000345  A$main$1604                        main
     00000346  A$main$1605                        main
     00000347  A$main$1606                        main
     00000348  A$main$1607                        main
     00000349  A$main$1608                        main
     0000034A  A$main$1609                        main
     0000034C  A$main$1613                        main
     0000034C  C$main.c$29$5_0$91                 main
     0000034F  A$main$1614                        main
     00000350  A$main$1615                        main
     00000352  A$main$1616                        main
     00000353  A$main$1617                        main
     00000354  A$main$1618                        main
     00000356  A$main$1619                        main
     00000357  A$main$1620                        main
     00000359  A$main$1621                        main
     0000035A  A$main$1622                        main
     0000035C  A$main$1623                        main
     0000035D  A$main$1624                        main
ASxxxx Linker V03.00 + NoICE + sdld,  page 10.
Hexadecimal  [32-Bits]

Area                                    Addr        Size        Decimal Bytes (Attributes)
--------------------------------        ----        ----        ------- ----- ------------
_CODE                               00000200    0000022C =         556. bytes (REL,CON)

      Value  Global                              Global Defined In Module
      -----  --------------------------------   ------------------------
     0000035E  A$main$1625                        main
     00000361  A$main$1626                        main
     00000363  A$main$1630                        main
     00000363  C$main.c$30$5_0$91                 main
     00000365  A$main$1631                        main
     00000366  A$main$1632                        main
     00000367  A$main$1633                        main
     00000368  A$main$1637                        main
     00000368  C$main.c$31$4_0$89                 main
     0000036A  A$main$1642                        main
     0000036A  C$main.c$33$4_0$89                 main
     0000036C  A$main$1643                        main
     0000036D  A$main$1644                        main
     0000036E  A$main$1645                        main
     00000370  A$main$1646                        main
     00000372  A$main$1647                        main
     00000373  A$main$1648                        main
     00000375  A$main$1649                        main
     00000376  A$main$1650                        main
     00000378  A$main$1651                        main
     0000037A  A$main$1652                        main
     0000037C  A$main$1653                        main
     0000037E  A$main$1654                        main
     0000037F  A$main$1655                        main
     00000381  A$main$1657                        main
     00000383  A$main$1658                        main
     00000385  A$main$1659                        main
     00000386  A$main$1661                        main
     00000388  A$main$1662                        main
     00000389  A$main$1663                        main
     0000038B  A$main$1664                        main
     0000038C  A$main$1665                        main
     0000038E  A$main$1666                        main
     0000038F  A$main$1667                        main
     00000391  A$main$1671                        main
     00000391  C$main.c$35$5_0$92                 main
     00000394  A$main$1672                        main
     00000395  A$main$1673                        main
     00000397  A$main$1674                        main
     00000398  A$main$1675                        main
     00000399  A$main$1676                        main
     0000039B  A$main$1677                        main
     0000039C  A$main$1678                        main
     0000039E  A$main$1679                        main
     0000039F  A$main$1680                        main
     000003A1  A$main$1681                        main
     000003A2  A$main$1682                        main
     000003A3  A$main$1683                        main
     000003A6  A$main$1684                        main
     000003A8  A$main$1688                        main
     000003A8  C$main.c$36$5_0$92                 main
ASxxxx Linker V03.00 + NoICE + sdld,  page 11.
Hexadecimal  [32-Bits]

Area                                    Addr        Size        Decimal Bytes (Attributes)
--------------------------------        ----        ----        ------- ----- ------------
_CODE                               00000200    0000022C =         556. bytes (REL,CON)

      Value  Global                              Global Defined In Module
      -----  --------------------------------   ------------------------
     000003AA  A$main$1689                        main
     000003AB  A$main$1690                        main
     000003AC  A$main$1691                        main
     000003AD  A$main$1695                        main
     000003AD  C$main.c$37$4_0$89                 main
     000003AF  A$main$1700                        main
     000003AF  C$main.c$39$4_0$89                 main
     000003B1  A$main$1701                        main
     000003B2  A$main$1702                        main
     000003B3  A$main$1703                        main
     000003B5  A$main$1711                        main
     000003B5  C$main.c$40$4_0$89                 main
     000003B5  C$main.c$43$4_0$89                 main
     000003B8  A$main$1712                        main
     000003B9  A$main$1713                        main
     000003BB  A$main$1714                        main
     000003BD  A$main$1715                        main
     000003BF  A$main$1716                        main
     000003C0  A$main$1718                        main
     000003C2  A$main$1719                        main
     000003C4  A$main$1720                        main
     000003C6  A$main$1721                        main
     000003C7  A$main$1722                        main
     000003C9  A$main$1727                        main
     000003C9  C$main.c$45$5_0$94                 main
     000003CA  A$main$1728                        main
     000003CD  A$main$1729                        main
     000003CE  A$main$1730                        main
     000003D1  A$main$1731                        main
     000003D3  A$main$1732                        main
     000003D4  A$main$1733                        main
     000003D6  A$main$1738                        main
     000003D6  C$main.c$48$5_0$95                 main
     000003D7  A$main$1739                        main
     000003DA  A$main$1740                        main
     000003DB  A$main$1741                        main
     000003DE  A$main$1742                        main
     000003E0  A$main$1743                        main
     000003E1  A$main$1748                        main
     000003E1  C$main.c$50$4_0$89                 main
     000003E3  A$main$1749                        main
     000003E5  A$main$1750                        main
     000003E7  A$main$1751                        main
     000003EA  A$main$1759                        main
     000003EA  C$main.c$52$1_0$86                 main
     000003EC  A$main$1764                        main
     000003EC  C$main.c$59$1_0$86                 main
     000003EC  XG$main$0$0                        main
     000003ED  _putchar                           font.ms
     000003F6  _setchar                           font.ms
     000003FF  _gotoxy                            font.ms
ASxxxx Linker V03.00 + NoICE + sdld,  page 12.
Hexadecimal  [32-Bits]

Area                                    Addr        Size        Decimal Bytes (Attributes)
--------------------------------        ----        ----        ------- ----- ------------
_CODE                               00000200    0000022C =         556. bytes (REL,CON)

      Value  Global                              Global Defined In Module
      -----  --------------------------------   ------------------------
     0000040A  _posx                              font.ms
     0000041B  _posy                              font.ms

ASxxxx Linker V03.00 + NoICE + sdld,  page 13.
Hexadecimal  [32-Bits]

Area                                    Addr        Size        Decimal Bytes (Attributes)
--------------------------------        ----        ----        ------- ----- ------------
_HEADER0                            00000000    00000001 =           1. bytes (ABS,CON)

      Value  Global                              Global Defined In Module
      -----  --------------------------------   ------------------------
     00000020  .call_hl                           Runtime

ASxxxx Linker V03.00 + NoICE + sdld,  page 14.
Hexadecimal  [32-Bits]

Area                                    Addr        Size        Decimal Bytes (Attributes)
--------------------------------        ----        ----        ------- ----- ------------
_HEADER1                            00000000    00000005 =           5. bytes (ABS,CON)

      Value  Global                              Global Defined In Module
      -----  --------------------------------   ------------------------
     00000028  .MemsetSmall                       Runtime

ASxxxx Linker V03.00 + NoICE + sdld,  page 15.
Hexadecimal  [32-Bits]

Area                                    Addr        Size        Decimal Bytes (Attributes)
--------------------------------        ----        ----        ------- ----- ------------
_HEADER2                            00000000    00000007 =           7. bytes (ABS,CON)

      Value  Global                              Global Defined In Module
      -----  --------------------------------   ------------------------
     00000030  .MemcpySmall                       Runtime

ASxxxx Linker V03.00 + NoICE + sdld,  page 16.
Hexadecimal  [32-Bits]

Area                                    Addr        Size        Decimal Bytes (Attributes)
--------------------------------        ----        ----        ------- ----- ------------
_HEADER3                            00000000    00000008 =           8. bytes (ABS,CON)

      Value  Global                              Global Defined In Module
      -----  --------------------------------   ------------------------
ASxxxx Linker V03.00 + NoICE + sdld,  page 17.
Hexadecimal  [32-Bits]

Area                                    Addr        Size        Decimal Bytes (Attributes)
--------------------------------        ----        ----        ------- ----- ------------
_HEADER4                            00000000    0000002C =          44. bytes (ABS,CON)

      Value  Global                              Global Defined In Module
      -----  --------------------------------   ------------------------
     00000080  .int                               Runtime
     0000008F  _wait_int_handler                  Runtime

ASxxxx Linker V03.00 + NoICE + sdld,  page 18.
Hexadecimal  [32-Bits]

Area                                    Addr        Size        Decimal Bytes (Attributes)
--------------------------------        ----        ----        ------- ----- ------------
_HEADER5                            00000000    00000033 =          51. bytes (ABS,CON)

      Value  Global                              Global Defined In Module
      -----  --------------------------------   ------------------------
ASxxxx Linker V03.00 + NoICE + sdld,  page 19.
Hexadecimal  [32-Bits]

Area                                    Addr        Size        Decimal Bytes (Attributes)
--------------------------------        ----        ----        ------- ----- ------------
_HEADER6                            00000000    00000006 =           6. bytes (ABS,CON)

      Value  Global                              Global Defined In Module
      -----  --------------------------------   ------------------------
ASxxxx Linker V03.00 + NoICE + sdld,  page 20.
Hexadecimal  [32-Bits]

Area                                    Addr        Size        Decimal Bytes (Attributes)
--------------------------------        ----        ----        ------- ----- ------------
_HEADER7                            00000000    00000003 =           3. bytes (ABS,CON)

      Value  Global                              Global Defined In Module
      -----  --------------------------------   ------------------------
ASxxxx Linker V03.00 + NoICE + sdld,  page 21.
Hexadecimal  [32-Bits]

Area                                    Addr        Size        Decimal Bytes (Attributes)
--------------------------------        ----        ----        ------- ----- ------------
_HEADER8                            00000000    00000001 =           1. bytes (ABS,CON)

      Value  Global                              Global Defined In Module
      -----  --------------------------------   ------------------------
ASxxxx Linker V03.00 + NoICE + sdld,  page 22.
Hexadecimal  [32-Bits]

Area                                    Addr        Size        Decimal Bytes (Attributes)
--------------------------------        ----        ----        ------- ----- ------------
_HEADER9                            00000000    00000001 =           1. bytes (ABS,CON)

      Value  Global                              Global Defined In Module
      -----  --------------------------------   ------------------------
ASxxxx Linker V03.00 + NoICE + sdld,  page 23.
Hexadecimal  [32-Bits]

Area                                    Addr        Size        Decimal Bytes (Attributes)
--------------------------------        ----        ----        ------- ----- ------------
_HEADERa                            00000000    00000001 =           1. bytes (ABS,CON)

      Value  Global                              Global Defined In Module
      -----  --------------------------------   ------------------------
ASxxxx Linker V03.00 + NoICE + sdld,  page 24.
Hexadecimal  [32-Bits]

Area                                    Addr        Size        Decimal Bytes (Attributes)
--------------------------------        ----        ----        ------- ----- ------------
_HEADERb                            00000000    00000002 =           2. bytes (ABS,CON)

      Value  Global                              Global Defined In Module
      -----  --------------------------------   ------------------------
ASxxxx Linker V03.00 + NoICE + sdld,  page 25.
Hexadecimal  [32-Bits]

Area                                    Addr        Size        Decimal Bytes (Attributes)
--------------------------------        ----        ----        ------- ----- ------------
_HEADERc                            00000000    00000001 =           1. bytes (ABS,CON)

      Value  Global                              Global Defined In Module
      -----  --------------------------------   ------------------------
ASxxxx Linker V03.00 + NoICE + sdld,  page 26.
Hexadecimal  [32-Bits]

Area                                    Addr        Size        Decimal Bytes (Attributes)
--------------------------------        ----        ----        ------- ----- ------------
_HEADERd                            00000000    00000001 =           1. bytes (ABS,CON)

      Value  Global                              Global Defined In Module
      -----  --------------------------------   ------------------------
ASxxxx Linker V03.00 + NoICE + sdld,  page 27.
Hexadecimal  [32-Bits]

Area                                    Addr        Size        Decimal Bytes (Attributes)
--------------------------------        ----        ----        ------- ----- ------------
_HEADERe                            00000000    00000002 =           2. bytes (ABS,CON)

      Value  Global                              Global Defined In Module
      -----  --------------------------------   ------------------------
ASxxxx Linker V03.00 + NoICE + sdld,  page 28.
Hexadecimal  [32-Bits]

Area                                    Addr        Size        Decimal Bytes (Attributes)
--------------------------------        ----        ----        ------- ----- ------------
_HEADERf                            00000000    0000007E =         126. bytes (ABS,CON)

      Value  Global                              Global Defined In Module
      -----  --------------------------------   ------------------------
     00000150  .reset                             Runtime
     00000150  _reset                             Runtime
     00000153  .code_start                        Runtime
     000001B1  _exit                              Runtime
     000001B5  _enable_interrupts                 Runtime
     000001B7  _disable_interrupts                Runtime
     000001B9  _set_interrupts                    Runtime

ASxxxx Linker V03.00 + NoICE + sdld,  page 29.
Hexadecimal  [32-Bits]

Area                                    Addr        Size        Decimal Bytes (Attributes)
--------------------------------        ----        ----        ------- ----- ------------
_HEADER10                           00000000    00000001 =           1. bytes (ABS,CON)

      Value  Global                              Global Defined In Module
      -----  --------------------------------   ------------------------
ASxxxx Linker V03.00 + NoICE + sdld,  page 30.
Hexadecimal  [32-Bits]

Area                                    Addr        Size        Decimal Bytes (Attributes)
--------------------------------        ----        ----        ------- ----- ------------
_HOME                               0000042C    0000006A =         106. bytes (REL,CON)

      Value  Global                              Global Defined In Module
      -----  --------------------------------   ------------------------
     0000042C  .remove_VBL                        Runtime
     0000042F  .remove_int                        Runtime
     0000044C  .add_VBL                           Runtime
     0000044F  .add_int                           Runtime
     0000045A  .wait_vbl_done                     Runtime
     0000045A  _wait_vbl_done                     Runtime
     00000469  .display_off                       Runtime
     00000469  _display_off                       Runtime
     00000480  _remove_VBL                        Runtime
     0000048B  _add_VBL                           Runtime

ASxxxx Linker V03.00 + NoICE + sdld,  page 31.
Hexadecimal  [32-Bits]

Area                                    Addr        Size        Decimal Bytes (Attributes)
--------------------------------        ----        ----        ------- ----- ------------
_BASE                               00000496    000009C5 =        2501. bytes (REL,CON)

      Value  Global                              Global Defined In Module
      -----  --------------------------------   ------------------------
     00000496  _font_load_ibm                     font.ms
     0000049D  font_copy_uncompressed             font.ms
     000004D3  font_copy_compressed               font.ms
     00000522  font_load                          font.ms
     0000056A  font_copy_current                  font.ms
     000005B2  font_set                           font.ms
     000005BF  .put_char                          font.ms
     000005D7  .out_char                          font.ms
     000005DD  .del_char                          font.ms
     00000633  _font_load                         font.ms
     00000641  _font_set                          font.ms
     00000650  _font_init                         font.ms
     00000670  .cls                               font.ms
     00000670  _cls                               font.ms
     000006A2  .cr_curs                           font.ms
     000006B7  .adv_curs                          font.ms
     00000713  .tmode                             font.ms
     0000073C  .tmode_out                         font.ms
     0000074C  _set_win_tiles                     
     00000760  .padup                             
     00000760  _waitpadup                         
     00000770  .jpad                              
     00000770  _joypad                            
     00000798  _waitpad                           
     0000079B  .wait_pad                          
     000007A2  _color                             
     000007B1  .drawing_vbl                       
     000007BC  .drawing_lcd                       
     000007F8  _add_LCD                           
     00000803  .add_LCD                           
     00000809  _remove_LCD                        
     00000814  .remove_LCD                        
     0000081A  _font_ibm                          
     00000BCC  .delay                             
     00000C06  _delay                             
     00000C0F  _set_bkg_data                      
     00000C0F  _set_win_data                      
     00000C17  _set_sprite_data                   
     00000C47  _font_min                          font_min
     00000DF1  _set_bkg_tiles                     
     00000E05  .set_xy_wtt                        
     00000E0E  .set_xy_btt                        
     00000E1D  .set_xy_tt                         

ASxxxx Linker V03.00 + NoICE + sdld,  page 32.
Hexadecimal  [32-Bits]

Area                                    Addr        Size        Decimal Bytes (Attributes)
--------------------------------        ----        ----        ------- ----- ------------
_GSINIT                             00000E5B    00000C44 =        3140. bytes (REL,CON)

      Value  Global                              Global Defined In Module
      -----  --------------------------------   ------------------------
     00000E5B  A$main$53                          main
     00000E5B  C$HutsMap.c$25$1_0$86              main
     00000E5B  gsinit                             Runtime
     00000E5E  A$main$54                          main
     00000E60  A$main$55                          main
     00000E63  A$main$56                          main
     00000E65  A$main$57                          main
     00000E68  A$main$58                          main
     00000E6A  A$main$59                          main
     00000E6D  A$main$60                          main
     00000E6F  A$main$61                          main
     00000E72  A$main$62                          main
     00000E74  A$main$63                          main
     00000E77  A$main$64                          main
     00000E79  A$main$65                          main
     00000E7C  A$main$66                          main
     00000E7E  A$main$67                          main
     00000E81  A$main$68                          main
     00000E83  A$main$69                          main
     00000E86  A$main$70                          main
     00000E88  A$main$71                          main
     00000E8B  A$main$72                          main
     00000E8D  A$main$73                          main
     00000E90  A$main$74                          main
     00000E92  A$main$75                          main
     00000E95  A$main$76                          main
     00000E97  A$main$77                          main
     00000E9A  A$main$78                          main
     00000E9C  A$main$79                          main
     00000E9F  A$main$80                          main
     00000EA1  A$main$81                          main
     00000EA4  A$main$82                          main
     00000EA6  A$main$83                          main
     00000EA9  A$main$84                          main
     00000EAB  A$main$85                          main
     00000EAE  A$main$86                          main
     00000EB0  A$main$87                          main
     00000EB3  A$main$88                          main
     00000EB5  A$main$89                          main
     00000EB8  A$main$90                          main
     00000EBA  A$main$91                          main
     00000EBD  A$main$92                          main
     00000EBF  A$main$93                          main
     00000EC2  A$main$94                          main
     00000EC4  A$main$95                          main
     00000EC7  A$main$96                          main
     00000EC9  A$main$97                          main
     00000ECC  A$main$98                          main
     00000ECE  A$main$99                          main
     00000ED1  A$main$100                         main
ASxxxx Linker V03.00 + NoICE + sdld,  page 33.
Hexadecimal  [32-Bits]

Area                                    Addr        Size        Decimal Bytes (Attributes)
--------------------------------        ----        ----        ------- ----- ------------
_GSINIT                             00000E5B    00000C44 =        3140. bytes (REL,CON)

      Value  Global                              Global Defined In Module
      -----  --------------------------------   ------------------------
     00000ED3  A$main$101                         main
     00000ED6  A$main$102                         main
     00000ED8  A$main$103                         main
     00000EDB  A$main$104                         main
     00000EDD  A$main$105                         main
     00000EE0  A$main$106                         main
     00000EE2  A$main$107                         main
     00000EE5  A$main$108                         main
     00000EE7  A$main$109                         main
     00000EEA  A$main$110                         main
     00000EEC  A$main$111                         main
     00000EEF  A$main$112                         main
     00000EF1  A$main$113                         main
     00000EF4  A$main$114                         main
     00000EF6  A$main$115                         main
     00000EF9  A$main$116                         main
     00000EFB  A$main$117                         main
     00000EFE  A$main$118                         main
     00000F00  A$main$119                         main
     00000F03  A$main$120                         main
     00000F05  A$main$121                         main
     00000F08  A$main$122                         main
     00000F0A  A$main$123                         main
     00000F0D  A$main$124                         main
     00000F0F  A$main$125                         main
     00000F12  A$main$126                         main
     00000F14  A$main$127                         main
     00000F17  A$main$128                         main
     00000F19  A$main$129                         main
     00000F1C  A$main$130                         main
     00000F1E  A$main$131                         main
     00000F21  A$main$132                         main
     00000F23  A$main$133                         main
     00000F26  A$main$134                         main
     00000F28  A$main$135                         main
     00000F2B  A$main$136                         main
     00000F2D  A$main$137                         main
     00000F30  A$main$138                         main
     00000F32  A$main$139                         main
     00000F35  A$main$140                         main
     00000F37  A$main$141                         main
     00000F3A  A$main$142                         main
     00000F3C  A$main$143                         main
     00000F3F  A$main$144                         main
     00000F41  A$main$145                         main
     00000F44  A$main$146                         main
     00000F46  A$main$147                         main
     00000F49  A$main$148                         main
     00000F4B  A$main$149                         main
     00000F4E  A$main$150                         main
     00000F50  A$main$151                         main
ASxxxx Linker V03.00 + NoICE + sdld,  page 34.
Hexadecimal  [32-Bits]

Area                                    Addr        Size        Decimal Bytes (Attributes)
--------------------------------        ----        ----        ------- ----- ------------
_GSINIT                             00000E5B    00000C44 =        3140. bytes (REL,CON)

      Value  Global                              Global Defined In Module
      -----  --------------------------------   ------------------------
     00000F53  A$main$152                         main
     00000F55  A$main$153                         main
     00000F58  A$main$154                         main
     00000F5A  A$main$155                         main
     00000F5D  A$main$156                         main
     00000F5F  A$main$157                         main
     00000F62  A$main$158                         main
     00000F64  A$main$159                         main
     00000F67  A$main$160                         main
     00000F69  A$main$161                         main
     00000F6C  A$main$162                         main
     00000F6E  A$main$163                         main
     00000F71  A$main$164                         main
     00000F73  A$main$165                         main
     00000F76  A$main$166                         main
     00000F78  A$main$167                         main
     00000F7B  A$main$168                         main
     00000F7D  A$main$169                         main
     00000F80  A$main$170                         main
     00000F82  A$main$171                         main
     00000F85  A$main$172                         main
     00000F87  A$main$173                         main
     00000F8A  A$main$174                         main
     00000F8C  A$main$175                         main
     00000F8F  A$main$176                         main
     00000F91  A$main$177                         main
     00000F94  A$main$178                         main
     00000F96  A$main$179                         main
     00000F99  A$main$180                         main
     00000F9B  A$main$181                         main
     00000F9E  A$main$182                         main
     00000FA0  A$main$183                         main
     00000FA3  A$main$184                         main
     00000FA5  A$main$185                         main
     00000FA8  A$main$186                         main
     00000FAA  A$main$187                         main
     00000FAD  A$main$188                         main
     00000FAF  A$main$189                         main
     00000FB2  A$main$190                         main
     00000FB4  A$main$191                         main
     00000FB7  A$main$192                         main
     00000FB9  A$main$193                         main
     00000FBC  A$main$194                         main
     00000FBE  A$main$195                         main
     00000FC1  A$main$196                         main
     00000FC3  A$main$197                         main
     00000FC6  A$main$198                         main
     00000FC8  A$main$199                         main
     00000FCB  A$main$200                         main
     00000FCD  A$main$201                         main
     00000FD0  A$main$202                         main
ASxxxx Linker V03.00 + NoICE + sdld,  page 35.
Hexadecimal  [32-Bits]

Area                                    Addr        Size        Decimal Bytes (Attributes)
--------------------------------        ----        ----        ------- ----- ------------
_GSINIT                             00000E5B    00000C44 =        3140. bytes (REL,CON)

      Value  Global                              Global Defined In Module
      -----  --------------------------------   ------------------------
     00000FD2  A$main$203                         main
     00000FD5  A$main$204                         main
     00000FD7  A$main$205                         main
     00000FDA  A$main$206                         main
     00000FDC  A$main$207                         main
     00000FDF  A$main$208                         main
     00000FE1  A$main$209                         main
     00000FE4  A$main$210                         main
     00000FE6  A$main$211                         main
     00000FE9  A$main$212                         main
     00000FEB  A$main$213                         main
     00000FEE  A$main$214                         main
     00000FF0  A$main$215                         main
     00000FF3  A$main$216                         main
     00000FF5  A$main$217                         main
     00000FF8  A$main$218                         main
     00000FFA  A$main$219                         main
     00000FFD  A$main$220                         main
     00000FFF  A$main$221                         main
     00001002  A$main$222                         main
     00001004  A$main$223                         main
     00001007  A$main$224                         main
     00001009  A$main$225                         main
     0000100C  A$main$226                         main
     0000100E  A$main$227                         main
     00001011  A$main$228                         main
     00001013  A$main$229                         main
     00001016  A$main$230                         main
     00001018  A$main$231                         main
     0000101B  A$main$232                         main
     0000101D  A$main$233                         main
     00001020  A$main$234                         main
     00001022  A$main$235                         main
     00001025  A$main$236                         main
     00001027  A$main$237                         main
     0000102A  A$main$238                         main
     0000102C  A$main$239                         main
     0000102F  A$main$240                         main
     00001031  A$main$241                         main
     00001034  A$main$242                         main
     00001036  A$main$243                         main
     00001039  A$main$244                         main
     0000103B  A$main$245                         main
     0000103E  A$main$246                         main
     00001040  A$main$247                         main
     00001043  A$main$248                         main
     00001045  A$main$249                         main
     00001048  A$main$250                         main
     0000104A  A$main$251                         main
     0000104D  A$main$252                         main
     0000104F  A$main$253                         main
ASxxxx Linker V03.00 + NoICE + sdld,  page 36.
Hexadecimal  [32-Bits]

Area                                    Addr        Size        Decimal Bytes (Attributes)
--------------------------------        ----        ----        ------- ----- ------------
_GSINIT                             00000E5B    00000C44 =        3140. bytes (REL,CON)

      Value  Global                              Global Defined In Module
      -----  --------------------------------   ------------------------
     00001052  A$main$254                         main
     00001054  A$main$255                         main
     00001057  A$main$256                         main
     00001059  A$main$257                         main
     0000105C  A$main$258                         main
     0000105E  A$main$259                         main
     00001061  A$main$260                         main
     00001063  A$main$261                         main
     00001066  A$main$262                         main
     00001068  A$main$263                         main
     0000106B  A$main$264                         main
     0000106D  A$main$265                         main
     00001070  A$main$266                         main
     00001072  A$main$267                         main
     00001075  A$main$268                         main
     00001077  A$main$269                         main
     0000107A  A$main$270                         main
     0000107C  A$main$271                         main
     0000107F  A$main$272                         main
     00001081  A$main$273                         main
     00001084  A$main$274                         main
     00001086  A$main$275                         main
     00001089  A$main$276                         main
     0000108B  A$main$277                         main
     0000108E  A$main$278                         main
     00001090  A$main$279                         main
     00001093  A$main$280                         main
     00001095  A$main$281                         main
     00001098  A$main$282                         main
     0000109A  A$main$283                         main
     0000109D  A$main$284                         main
     0000109F  A$main$285                         main
     000010A2  A$main$286                         main
     000010A4  A$main$287                         main
     000010A7  A$main$288                         main
     000010A9  A$main$289                         main
     000010AC  A$main$290                         main
     000010AE  A$main$291                         main
     000010B1  A$main$292                         main
     000010B3  A$main$293                         main
     000010B6  A$main$294                         main
     000010B8  A$main$295                         main
     000010BB  A$main$296                         main
     000010BD  A$main$297                         main
     000010C0  A$main$298                         main
     000010C2  A$main$299                         main
     000010C5  A$main$300                         main
     000010C7  A$main$301                         main
     000010CA  A$main$302                         main
     000010CC  A$main$303                         main
     000010CF  A$main$304                         main
ASxxxx Linker V03.00 + NoICE + sdld,  page 37.
Hexadecimal  [32-Bits]

Area                                    Addr        Size        Decimal Bytes (Attributes)
--------------------------------        ----        ----        ------- ----- ------------
_GSINIT                             00000E5B    00000C44 =        3140. bytes (REL,CON)

      Value  Global                              Global Defined In Module
      -----  --------------------------------   ------------------------
     000010D1  A$main$305                         main
     000010D4  A$main$306                         main
     000010D6  A$main$307                         main
     000010D9  A$main$308                         main
     000010DB  A$main$309                         main
     000010DE  A$main$310                         main
     000010E0  A$main$311                         main
     000010E3  A$main$312                         main
     000010E5  A$main$313                         main
     000010E8  A$main$314                         main
     000010EA  A$main$315                         main
     000010ED  A$main$316                         main
     000010EF  A$main$317                         main
     000010F2  A$main$318                         main
     000010F4  A$main$319                         main
     000010F7  A$main$320                         main
     000010F9  A$main$321                         main
     000010FC  A$main$322                         main
     000010FE  A$main$323                         main
     00001101  A$main$324                         main
     00001103  A$main$325                         main
     00001106  A$main$326                         main
     00001108  A$main$327                         main
     0000110B  A$main$328                         main
     0000110D  A$main$329                         main
     00001110  A$main$330                         main
     00001112  A$main$331                         main
     00001115  A$main$332                         main
     00001117  A$main$333                         main
     0000111A  A$main$334                         main
     0000111C  A$main$335                         main
     0000111F  A$main$336                         main
     00001121  A$main$337                         main
     00001124  A$main$338                         main
     00001126  A$main$339                         main
     00001129  A$main$340                         main
     0000112B  A$main$341                         main
     0000112E  A$main$342                         main
     00001130  A$main$343                         main
     00001133  A$main$344                         main
     00001135  A$main$345                         main
     00001138  A$main$346                         main
     0000113A  A$main$347                         main
     0000113D  A$main$348                         main
     0000113F  A$main$349                         main
     00001142  A$main$350                         main
     00001144  A$main$351                         main
     00001147  A$main$352                         main
     00001149  A$main$353                         main
     0000114C  A$main$354                         main
     0000114E  A$main$355                         main
ASxxxx Linker V03.00 + NoICE + sdld,  page 38.
Hexadecimal  [32-Bits]

Area                                    Addr        Size        Decimal Bytes (Attributes)
--------------------------------        ----        ----        ------- ----- ------------
_GSINIT                             00000E5B    00000C44 =        3140. bytes (REL,CON)

      Value  Global                              Global Defined In Module
      -----  --------------------------------   ------------------------
     00001151  A$main$356                         main
     00001153  A$main$357                         main
     00001156  A$main$358                         main
     00001158  A$main$359                         main
     0000115B  A$main$360                         main
     0000115D  A$main$361                         main
     00001160  A$main$362                         main
     00001162  A$main$363                         main
     00001165  A$main$364                         main
     00001167  A$main$365                         main
     0000116A  A$main$366                         main
     0000116C  A$main$367                         main
     0000116F  A$main$368                         main
     00001171  A$main$369                         main
     00001174  A$main$370                         main
     00001176  A$main$371                         main
     00001179  A$main$372                         main
     0000117B  A$main$373                         main
     0000117E  A$main$374                         main
     00001180  A$main$375                         main
     00001183  A$main$376                         main
     00001185  A$main$377                         main
     00001188  A$main$378                         main
     0000118A  A$main$379                         main
     0000118D  A$main$380                         main
     0000118F  A$main$381                         main
     00001192  A$main$382                         main
     00001194  A$main$383                         main
     00001197  A$main$384                         main
     00001199  A$main$385                         main
     0000119C  A$main$386                         main
     0000119E  A$main$387                         main
     000011A1  A$main$388                         main
     000011A3  A$main$389                         main
     000011A6  A$main$390                         main
     000011A8  A$main$391                         main
     000011AB  A$main$392                         main
     000011AD  A$main$393                         main
     000011B0  A$main$394                         main
     000011B2  A$main$395                         main
     000011B5  A$main$396                         main
     000011B7  A$main$397                         main
     000011BA  A$main$398                         main
     000011BC  A$main$399                         main
     000011BF  A$main$400                         main
     000011C1  A$main$401                         main
     000011C4  A$main$402                         main
     000011C6  A$main$403                         main
     000011C9  A$main$404                         main
     000011CB  A$main$405                         main
     000011CE  A$main$406                         main
ASxxxx Linker V03.00 + NoICE + sdld,  page 39.
Hexadecimal  [32-Bits]

Area                                    Addr        Size        Decimal Bytes (Attributes)
--------------------------------        ----        ----        ------- ----- ------------
_GSINIT                             00000E5B    00000C44 =        3140. bytes (REL,CON)

      Value  Global                              Global Defined In Module
      -----  --------------------------------   ------------------------
     000011D0  A$main$407                         main
     000011D3  A$main$408                         main
     000011D5  A$main$409                         main
     000011D8  A$main$410                         main
     000011DA  A$main$411                         main
     000011DD  A$main$412                         main
     000011DF  A$main$413                         main
     000011E2  A$main$414                         main
     000011E4  A$main$415                         main
     000011E7  A$main$416                         main
     000011E9  A$main$417                         main
     000011EC  A$main$418                         main
     000011EE  A$main$419                         main
     000011F1  A$main$420                         main
     000011F3  A$main$421                         main
     000011F6  A$main$422                         main
     000011F8  A$main$423                         main
     000011FB  A$main$424                         main
     000011FD  A$main$425                         main
     00001200  A$main$426                         main
     00001202  A$main$427                         main
     00001205  A$main$428                         main
     00001207  A$main$429                         main
     0000120A  A$main$430                         main
     0000120C  A$main$431                         main
     0000120F  A$main$432                         main
     00001211  A$main$433                         main
     00001214  A$main$434                         main
     00001216  A$main$435                         main
     00001219  A$main$436                         main
     0000121B  A$main$437                         main
     0000121E  A$main$438                         main
     00001220  A$main$439                         main
     00001223  A$main$440                         main
     00001225  A$main$441                         main
     00001228  A$main$442                         main
     0000122A  A$main$443                         main
     0000122D  A$main$444                         main
     0000122F  A$main$445                         main
     00001232  A$main$446                         main
     00001234  A$main$447                         main
     00001237  A$main$448                         main
     00001239  A$main$449                         main
     0000123C  A$main$450                         main
     0000123E  A$main$451                         main
     00001241  A$main$452                         main
     00001243  A$main$453                         main
     00001246  A$main$454                         main
     00001248  A$main$455                         main
     0000124B  A$main$456                         main
     0000124D  A$main$457                         main
ASxxxx Linker V03.00 + NoICE + sdld,  page 40.
Hexadecimal  [32-Bits]

Area                                    Addr        Size        Decimal Bytes (Attributes)
--------------------------------        ----        ----        ------- ----- ------------
_GSINIT                             00000E5B    00000C44 =        3140. bytes (REL,CON)

      Value  Global                              Global Defined In Module
      -----  --------------------------------   ------------------------
     00001250  A$main$458                         main
     00001252  A$main$459                         main
     00001255  A$main$460                         main
     00001257  A$main$461                         main
     0000125A  A$main$462                         main
     0000125C  A$main$463                         main
     0000125F  A$main$464                         main
     00001261  A$main$465                         main
     00001264  A$main$466                         main
     00001266  A$main$467                         main
     00001269  A$main$468                         main
     0000126B  A$main$469                         main
     0000126E  A$main$470                         main
     00001270  A$main$471                         main
     00001273  A$main$472                         main
     00001275  A$main$473                         main
     00001278  A$main$474                         main
     0000127A  A$main$475                         main
     0000127D  A$main$476                         main
     0000127F  A$main$477                         main
     00001282  A$main$478                         main
     00001284  A$main$479                         main
     00001287  A$main$480                         main
     00001289  A$main$481                         main
     0000128C  A$main$482                         main
     0000128E  A$main$483                         main
     00001291  A$main$484                         main
     00001293  A$main$485                         main
     00001296  A$main$486                         main
     00001298  A$main$487                         main
     0000129B  A$main$488                         main
     0000129D  A$main$489                         main
     000012A0  A$main$490                         main
     000012A2  A$main$491                         main
     000012A5  A$main$492                         main
     000012A7  A$main$493                         main
     000012AA  A$main$494                         main
     000012AC  A$main$495                         main
     000012AF  A$main$496                         main
     000012B1  A$main$497                         main
     000012B4  A$main$498                         main
     000012B6  A$main$499                         main
     000012B9  A$main$500                         main
     000012BB  A$main$501                         main
     000012BE  A$main$502                         main
     000012C0  A$main$503                         main
     000012C3  A$main$504                         main
     000012C5  A$main$505                         main
     000012C8  A$main$506                         main
     000012CA  A$main$507                         main
     000012CD  A$main$508                         main
ASxxxx Linker V03.00 + NoICE + sdld,  page 41.
Hexadecimal  [32-Bits]

Area                                    Addr        Size        Decimal Bytes (Attributes)
--------------------------------        ----        ----        ------- ----- ------------
_GSINIT                             00000E5B    00000C44 =        3140. bytes (REL,CON)

      Value  Global                              Global Defined In Module
      -----  --------------------------------   ------------------------
     000012CF  A$main$509                         main
     000012D2  A$main$510                         main
     000012D4  A$main$511                         main
     000012D7  A$main$512                         main
     000012D9  A$main$513                         main
     000012DC  A$main$514                         main
     000012DE  A$main$515                         main
     000012E1  A$main$516                         main
     000012E3  A$main$517                         main
     000012E6  A$main$518                         main
     000012E8  A$main$519                         main
     000012EB  A$main$520                         main
     000012ED  A$main$521                         main
     000012F0  A$main$522                         main
     000012F2  A$main$523                         main
     000012F5  A$main$524                         main
[...]
Hexadecimal  [32-Bits]

Area                                    Addr        Size        Decimal Bytes (Attributes)
--------------------------------        ----        ----        ------- ----- ------------
_SFR16                              00000000    00000001 =           1. bytes (ABS,CON)

      Value  Global                              Global Defined In Module
      -----  --------------------------------   ------------------------
     0000FF20  _NR41_REG                          

ASxxxx Linker V03.00 + NoICE + sdld,  page 86.
Hexadecimal  [32-Bits]

Area                                    Addr        Size        Decimal Bytes (Attributes)
--------------------------------        ----        ----        ------- ----- ------------
_SFR17                              00000000    00000001 =           1. bytes (ABS,CON)

      Value  Global                              Global Defined In Module
      -----  --------------------------------   ------------------------
     0000FF21  _NR42_REG                          

ASxxxx Linker V03.00 + NoICE + sdld,  page 87.
Hexadecimal  [32-Bits]

Area                                    Addr        Size        Decimal Bytes (Attributes)
--------------------------------        ----        ----        ------- ----- ------------
_SFR18                              00000000    00000001 =           1. bytes (ABS,CON)

      Value  Global                              Global Defined In Module
      -----  --------------------------------   ------------------------
     0000FF22  _NR43_REG                          

ASxxxx Linker V03.00 + NoICE + sdld,  page 88.
Hexadecimal  [32-Bits]

Area                                    Addr        Size        Decimal Bytes (Attributes)
--------------------------------        ----        ----        ------- ----- ------------
_SFR19                              00000000    00000001 =           1. bytes (ABS,CON)

      Value  Global                              Global Defined In Module
      -----  --------------------------------   ------------------------
     0000FF23  _NR44_REG                          

ASxxxx Linker V03.00 + NoICE + sdld,  page 89.
Hexadecimal  [32-Bits]

Area                                    Addr        Size        Decimal Bytes (Attributes)
--------------------------------        ----        ----        ------- ----- ------------
_SFR1a                              00000000    00000001 =           1. bytes (ABS,CON)

      Value  Global                              Global Defined In Module
      -----  --------------------------------   ------------------------
     0000FF24  _NR50_REG                          

ASxxxx Linker V03.00 + NoICE + sdld,  page 90.
Hexadecimal  [32-Bits]

Area                                    Addr        Size        Decimal Bytes (Attributes)
--------------------------------        ----        ----        ------- ----- ------------
_SFR1b                              00000000    00000001 =           1. bytes (ABS,CON)

      Value  Global                              Global Defined In Module
      -----  --------------------------------   ------------------------
     0000FF25  _NR51_REG                          

ASxxxx Linker V03.00 + NoICE + sdld,  page 91.
Hexadecimal  [32-Bits]

Area                                    Addr        Size        Decimal Bytes (Attributes)
--------------------------------        ----        ----        ------- ----- ------------
_SFR1c                              00000000    00000001 =           1. bytes (ABS,CON)

      Value  Global                              Global Defined In Module
      -----  --------------------------------   ------------------------
     0000FF26  _NR52_REG                          

ASxxxx Linker V03.00 + NoICE + sdld,  page 92.
Hexadecimal  [32-Bits]

Area                                    Addr        Size        Decimal Bytes (Attributes)
--------------------------------        ----        ----        ------- ----- ------------
_SFR1d                              00000000    00000001 =           1. bytes (ABS,CON)

      Value  Global                              Global Defined In Module
      -----  --------------------------------   ------------------------
     0000FF40  _LCDC_REG                          

ASxxxx Linker V03.00 + NoICE + sdld,  page 93.
Hexadecimal  [32-Bits]

Area                                    Addr        Size        Decimal Bytes (Attributes)
--------------------------------        ----        ----        ------- ----- ------------
_SFR1e                              00000000    00000001 =           1. bytes (ABS,CON)

      Value  Global                              Global Defined In Module
      -----  --------------------------------   ------------------------
     0000FF41  _STAT_REG                          

ASxxxx Linker V03.00 + NoICE + sdld,  page 94.
Hexadecimal  [32-Bits]

Area                                    Addr        Size        Decimal Bytes (Attributes)
--------------------------------        ----        ----        ------- ----- ------------
_SFR1f                              00000000    00000001 =           1. bytes (ABS,CON)

      Value  Global                              Global Defined In Module
      -----  --------------------------------   ------------------------
     0000FF42  _SCY_REG                           

ASxxxx Linker V03.00 + NoICE + sdld,  page 95.
Hexadecimal  [32-Bits]

Area                                    Addr        Size        Decimal Bytes (Attributes)
--------------------------------        ----        ----        ------- ----- ------------
_SFR20                              00000000    00000001 =           1. bytes (ABS,CON)

      Value  Global                              Global Defined In Module
      -----  --------------------------------   ------------------------
     0000FF43  _SCX_REG                           

ASxxxx Linker V03.00 + NoICE + sdld,  page 96.
Hexadecimal  [32-Bits]

Area                                    Addr        Size        Decimal Bytes (Attributes)
--------------------------------        ----        ----        ------- ----- ------------
_SFR21                              00000000    00000001 =           1. bytes (ABS,CON)

      Value  Global                              Global Defined In Module
      -----  --------------------------------   ------------------------
     0000FF44  _LY_REG                            

ASxxxx Linker V03.00 + NoICE + sdld,  page 97.
Hexadecimal  [32-Bits]

Area                                    Addr        Size        Decimal Bytes (Attributes)
--------------------------------        ----        ----        ------- ----- ------------
_SFR22                              00000000    00000001 =           1. bytes (ABS,CON)

      Value  Global                              Global Defined In Module
      -----  --------------------------------   ------------------------
     0000FF45  _LYC_REG                           

ASxxxx Linker V03.00 + NoICE + sdld,  page 98.
Hexadecimal  [32-Bits]

Area                                    Addr        Size        Decimal Bytes (Attributes)
--------------------------------        ----        ----        ------- ----- ------------
_SFR23                              00000000    00000001 =           1. bytes (ABS,CON)

      Value  Global                              Global Defined In Module
      -----  --------------------------------   ------------------------
     0000FF46  _DMA_REG                           

ASxxxx Linker V03.00 + NoICE + sdld,  page 99.
Hexadecimal  [32-Bits]

Area                                    Addr        Size        Decimal Bytes (Attributes)
--------------------------------        ----        ----        ------- ----- ------------
_SFR24                              00000000    00000001 =           1. bytes (ABS,CON)

      Value  Global                              Global Defined In Module
      -----  --------------------------------   ------------------------
     0000FF47  _BGP_REG                           

ASxxxx Linker V03.00 + NoICE + sdld,  page 100.
Hexadecimal  [32-Bits]

Area                                    Addr        Size        Decimal Bytes (Attributes)
--------------------------------        ----        ----        ------- ----- ------------
_SFR25                              00000000    00000001 =           1. bytes (ABS,CON)

      Value  Global                              Global Defined In Module
      -----  --------------------------------   ------------------------
     0000FF48  _OBP0_REG                          

ASxxxx Linker V03.00 + NoICE + sdld,  page 101.
Hexadecimal  [32-Bits]

Area                                    Addr        Size        Decimal Bytes (Attributes)
--------------------------------        ----        ----        ------- ----- ------------
_SFR26                              00000000    00000001 =           1. bytes (ABS,CON)

      Value  Global                              Global Defined In Module
      -----  --------------------------------   ------------------------
     0000FF49  _OBP1_REG                          

ASxxxx Linker V03.00 + NoICE + sdld,  page 102.
Hexadecimal  [32-Bits]

Area                                    Addr        Size        Decimal Bytes (Attributes)
--------------------------------        ----        ----        ------- ----- ------------
_SFR27                              00000000    00000001 =           1. bytes (ABS,CON)

      Value  Global                              Global Defined In Module
      -----  --------------------------------   ------------------------
     0000FF4A  _WY_REG                            

ASxxxx Linker V03.00 + NoICE + sdld,  page 103.
Hexadecimal  [32-Bits]

Area                                    Addr        Size        Decimal Bytes (Attributes)
--------------------------------        ----        ----        ------- ----- ------------
_SFR28                              00000000    00000001 =           1. bytes (ABS,CON)

      Value  Global                              Global Defined In Module
      -----  --------------------------------   ------------------------
     0000FF4B  _WX_REG                            

ASxxxx Linker V03.00 + NoICE + sdld,  page 104.
Hexadecimal  [32-Bits]

Area                                    Addr        Size        Decimal Bytes (Attributes)
--------------------------------        ----        ----        ------- ----- ------------
_SFR29                              00000000    00000001 =           1. bytes (ABS,CON)

      Value  Global                              Global Defined In Module
      -----  --------------------------------   ------------------------
     0000FF4D  _KEY1_REG                          

ASxxxx Linker V03.00 + NoICE + sdld,  page 105.
Hexadecimal  [32-Bits]

Area                                    Addr        Size        Decimal Bytes (Attributes)
--------------------------------        ----        ----        ------- ----- ------------
_SFR2a                              00000000    00000001 =           1. bytes (ABS,CON)

      Value  Global                              Global Defined In Module
      -----  --------------------------------   ------------------------
     0000FF4F  _VBK_REG                           

ASxxxx Linker V03.00 + NoICE + sdld,  page 106.
Hexadecimal  [32-Bits]

Area                                    Addr        Size        Decimal Bytes (Attributes)
--------------------------------        ----        ----        ------- ----- ------------
_SFR2b                              00000000    00000001 =           1. bytes (ABS,CON)

      Value  Global                              Global Defined In Module
      -----  --------------------------------   ------------------------
     0000FF51  _HDMA1_REG                         

ASxxxx Linker V03.00 + NoICE + sdld,  page 107.
Hexadecimal  [32-Bits]

Area                                    Addr        Size        Decimal Bytes (Attributes)
--------------------------------        ----        ----        ------- ----- ------------
_SFR2c                              00000000    00000001 =           1. bytes (ABS,CON)

      Value  Global                              Global Defined In Module
      -----  --------------------------------   ------------------------
     0000FF52  _HDMA2_REG                         

ASxxxx Linker V03.00 + NoICE + sdld,  page 108.
Hexadecimal  [32-Bits]

Area                                    Addr        Size        Decimal Bytes (Attributes)
--------------------------------        ----        ----        ------- ----- ------------
_SFR2d                              00000000    00000001 =           1. bytes (ABS,CON)

      Value  Global                              Global Defined In Module
      -----  --------------------------------   ------------------------
     0000FF53  _HDMA3_REG                         

ASxxxx Linker V03.00 + NoICE + sdld,  page 109.
Hexadecimal  [32-Bits]

Area                                    Addr        Size        Decimal Bytes (Attributes)
--------------------------------        ----        ----        ------- ----- ------------
_SFR2e                              00000000    00000001 =           1. bytes (ABS,CON)

      Value  Global                              Global Defined In Module
      -----  --------------------------------   ------------------------
     0000FF54  _HDMA4_REG                         

ASxxxx Linker V03.00 + NoICE + sdld,  page 110.
Hexadecimal  [32-Bits]

Area                                    Addr        Size        Decimal Bytes (Attributes)
--------------------------------        ----        ----        ------- ----- ------------
_SFR2f                              00000000    00000001 =           1. bytes (ABS,CON)

      Value  Global                              Global Defined In Module
      -----  --------------------------------   ------------------------
     0000FF55  _HDMA5_REG                         

ASxxxx Linker V03.00 + NoICE + sdld,  page 111.
Hexadecimal  [32-Bits]

Area                                    Addr        Size        Decimal Bytes (Attributes)
--------------------------------        ----        ----        ------- ----- ------------
_SFR30                              00000000    00000001 =           1. bytes (ABS,CON)

      Value  Global                              Global Defined In Module
      -----  --------------------------------   ------------------------
     0000FF56  _RP_REG                            

ASxxxx Linker V03.00 + NoICE + sdld,  page 112.
Hexadecimal  [32-Bits]

Area                                    Addr        Size        Decimal Bytes (Attributes)
--------------------------------        ----        ----        ------- ----- ------------
_SFR31                              00000000    00000001 =           1. bytes (ABS,CON)

      Value  Global                              Global Defined In Module
      -----  --------------------------------   ------------------------
     0000FF68  _BCPS_REG                          

ASxxxx Linker V03.00 + NoICE + sdld,  page 113.
Hexadecimal  [32-Bits]

Area                                    Addr        Size        Decimal Bytes (Attributes)
--------------------------------        ----        ----        ------- ----- ------------
_SFR32                              00000000    00000001 =           1. bytes (ABS,CON)

      Value  Global                              Global Defined In Module
      -----  --------------------------------   ------------------------
     0000FF69  _BCPD_REG                          

ASxxxx Linker V03.00 + NoICE + sdld,  page 114.
Hexadecimal  [32-Bits]

Area                                    Addr        Size        Decimal Bytes (Attributes)
--------------------------------        ----        ----        ------- ----- ------------
_SFR33                              00000000    00000001 =           1. bytes (ABS,CON)

      Value  Global                              Global Defined In Module
      -----  --------------------------------   ------------------------
     0000FF6A  _OCPS_REG                          

ASxxxx Linker V03.00 + NoICE + sdld,  page 115.
Hexadecimal  [32-Bits]

Area                                    Addr        Size        Decimal Bytes (Attributes)
--------------------------------        ----        ----        ------- ----- ------------
_SFR34                              00000000    00000001 =           1. bytes (ABS,CON)

      Value  Global                              Global Defined In Module
      -----  --------------------------------   ------------------------
     0000FF6B  _OCPD_REG                          

ASxxxx Linker V03.00 + NoICE + sdld,  page 116.
Hexadecimal  [32-Bits]

Area                                    Addr        Size        Decimal Bytes (Attributes)
--------------------------------        ----        ----        ------- ----- ------------
_SFR35                              00000000    00000001 =           1. bytes (ABS,CON)

      Value  Global                              Global Defined In Module
      -----  --------------------------------   ------------------------
     0000FF70  _SVBK_REG                          

ASxxxx Linker V03.00 + NoICE + sdld,  page 117.
Hexadecimal  [32-Bits]

Area                                    Addr        Size        Decimal Bytes (Attributes)
--------------------------------        ----        ----        ------- ----- ------------
_SFR36                              00000000    00000001 =           1. bytes (ABS,CON)

      Value  Global                              Global Defined In Module
      -----  --------------------------------   ------------------------
     0000FFFF  _IE_REG                            

ASxxxx Linker V03.00 + NoICE + sdld,  page 118.
Hexadecimal  [32-Bits]

Area                                    Addr        Size        Decimal Bytes (Attributes)
--------------------------------        ----        ----        ------- ----- ------------
_HEADER_LCD0                        00000000    00000003 =           3. bytes (ABS,CON)

      Value  Global                              Global Defined In Module
      -----  --------------------------------   ------------------------
ASxxxx Linker V03.00 + NoICE + sdld,  page 119.

Files Linked                              [ module(s) ]

c:\gbdk\lib/small/asxxxx/gb/crt0.o        [ Runtime ]
main.o                                    [ main ]


Libraries Linked                          [ object file ]

c:\gbdk\lib/small/asxxxx/gb/gb.lib        [ font.o ]
c:\gbdk\lib/small/asxxxx/gb/gb.lib        [ sfr.o ]
c:\gbdk\lib/small/asxxxx/gb/gb.lib        [ set_wi_t.o ]
c:\gbdk\lib/small/asxxxx/gb/gb.lib        [ pad.o ]
c:\gbdk\lib/small/asxxxx/gb/gb.lib        [ color.o ]
c:\gbdk\lib/small/asxxxx/gb/gb.lib        [ drawing_isr.o ]
c:\gbdk\lib/small/asxxxx/gb/gb.lib        [ lcd.o ]
c:\gbdk\lib/small/asxxxx/gb/gb.lib        [ f_ibm_sh.o ]
c:\gbdk\lib/small/asxxxx/gb/gb.lib        [ delay.o ]
c:\gbdk\lib/small/asxxxx/gb/gb.lib        [ set_data.o ]
c:\gbdk\lib/small/asxxxx/gb/gb.lib        [ f_min.o ]
c:\gbdk\lib/small/asxxxx/gb/gb.lib        [ set_bk_t.o ]
c:\gbdk\lib/small/asxxxx/gb/gb.lib        [ set_xy_t.o ]

ASxxxx Linker V03.00 + NoICE + sdld,  page 120.

User Base Address Definitions

_DATA=0xc0a0
_CODE=0x0200
ASxxxx Linker V03.00 + NoICE + sdld,  page 121.

User Global Definitions

_shadow_OAM=0xC000
.STACK=0xE000
.refresh_OAM=0xFF80

